00s Replay,http://cfd-v4-service-channel-stitcher-use1-1.prd.pluto.tv/stitch/hls/channel/62ba60f059624e000781c436/master.m3u8?appName=web&appVersion=unknown&clientTime=0&deviceDNT=0&deviceId=6c25e430-30d3-11ef-9cf5-e9ddff8ff496&deviceMake=Chrome&deviceModel=web&deviceType=web&deviceVersion=unknown&includeExtendedEvents=false&serverSideAds=false&sid=1b7de8e4-d114-4438-b098-6f7aee77b4be
1-2-3 TV (270p),https://123tv-mx1.flex-cdn.net/index.m3u8
1Almere TV (720p),https://d3472rjicrodic.cloudfront.net/nlpo/clr-nlpo/709d5260/index.m3u8
1KZN TV (576p),https://cdn.freevisiontv.co.za/sttv/smil:1kzn.stream.smil/playlist.m3u8
1Music Channel Hungary (576p),http://1music.hu/1music.m3u8
1TV (720p),https://tv.cdn.xsg.ge/gpb-1tv/index.m3u8
1Twente TV (1080p),https://ms7.mx-cd.net/dtv-11/198-989148/1Twente_TV.smil/chunklist_w954512639_b4292608_slNLD.m3u8
2GB Sydney (1080p),https://2gblive.akamaized.net/hls/live/2033805/2GB/index.m3u8
2M Monde +1 (1080p),https://d2qh3gh0k5vp3v.cloudfront.net/v1/master/3722c60a815c199d9c0ef36c5b73da68a62b09d1/cc-n6pess5lwbghr/2M_ES.m3u8
2STV,http://69.64.57.208/2stv/playlist.m3u8
2TV (720p),https://tv.cdn.xsg.ge/gpb-2tv/index.m3u8
2х2 [Geo-blocked],#EXTVLCOPT:http-user-agent=WINK/1.40.1 (AndroidTV/9) HlsWinkPlayer
3ABN Canada,https://3abn.bozztv.com/3abncanada/3ABN/master.m3u8
3ABN Dare To Dream Network,https://3abn.bozztv.com/3abn2/d2d_live/smil:d2d_live.smil/playlist.m3u8
3ABN English,https://3abn.bozztv.com/3abn2/3abn_live/smil:3abn_live.smil/playlist.m3u8
3ABN French,https://3abn.bozztv.com/3abn2/Fre_live/smil:Fre_live.smil/playlist.m3u8
3ABN International Network,https://3abn.bozztv.com/3abn2/Int_live/smil:Int_live.smil/playlist.m3u8
3ABN Kids Network,https://3abn.bozztv.com/3abn2/Kids_live/smil:Kids_live.smil/playlist.m3u8
3ABN Latino,https://3abn.bozztv.com/3abn2/Lat_live/smil:Lat_live.smil/playlist.m3u8
3ABN Praise Him Music Network,https://3abn.bozztv.com/3abn1/PraiseHim/smil:PraiseHim.smil/playlist.m3u8
3ABN Proclaim! Network,https://3abn.bozztv.com/3abn2/Pro_live/smil:Pro_live.smil/playlist.m3u8
3ABN TV Uganda (720p) [Not 24/7],https://3abn.bozztv.com/3abn/3abn_uganda_live/index.m3u8
3AW Melbourne (1080p),https://3awlive.akamaized.net/hls/live/2032295/3AW/index.m3u8
3Cat Càmeres del temps (1080p),https://directes-tv-int.3catdirectes.cat/live-content/beauties-hls/master.m3u8
3Cat El búnquer (1080p),https://fast-tailor.3catdirectes.cat/v1/channel/bunquer/hls.m3u8
3Cat Exclusiu 1 (1080p) [Geo-blocked],https://directes-tv-cat.3catdirectes.cat/live-content/oca1-hls/master.m3u8
3Cat Exclusiu 2 (1080p) [Geo-blocked],https://directes-tv-cat.3catdirectes.cat/live-content/oca2-hls/master.m3u8
3Cat Exclusiu 3 (1080p) [Geo-blocked],https://directes-tv-cat.3catdirectes.cat/live-content/oca3-hls/master.m3u8
3Cat Plats bruts (1080p),https://fast-tailor.3catdirectes.cat/v1/channel/ccma-channel2/hls.m3u8
3CatInfo (1080p),https://directes-tv-int.3catdirectes.cat/live-origin/canal324-hls/master.m3u8
3HD,https://lb1-live-mv.v2h-cdn.com/hls/ffae/muulk/muulk.m3u8
3sat (720p) [Geo-blocked],https://zdf-hls-18.akamaized.net/hls/live/2016501/dach/high/master.m3u8
3sat HD (1080p),https://viamotionhsi.netplus.ch/live/eds/3sathd/browser-HLS8/3sathd.m3u8
3 Stones TV (240p) [Not 24/7],https://goliveafrica.media:9998/live/64d21e682fd26/index.m3u8
4ACETV,https://d3s7x6kmqcnb6b.cloudfront.net/d/distro001a/CVA0UNL2K6KH61IL162P/hls3/now,-1m/m.m3u8?ads.vf=kOxDBuxba3m
4ACETV CLASSIC HITS,https://d3s7x6kmqcnb6b.cloudfront.net/d/distro001a/MH8JAMWTLW2AQV5RA55S/hls3/now,-1m/m.m3u8?ads.vf=ey4PLl3ojgy
4 Afghanistan,https://4afghls.persiana.live/hls/stream.m3u8
4DmásNoticias TV (1080p) [Not 24/7],https://rds3.desdeparaguay.net/4dmasnoticiastv/4dmasnoticiastv/playlist.m3u8
4E (1080p),http://eu2.tv4e.gr:554/live/smil:myStream.sdp.smil/playlist.m3u8
4 Fun Kids (576i) [[Not 24/7]],https://stream.4fun.tv:8889/hls/4fk_high/index.m3u8
4 Fun TV (576i) [Not 24/7],https://stream.4fun.tv:8888/hls/4f_high/index.m3u8
4K TRAVEL TV,https://d35j504z0x2vu2.cloudfront.net/v1/master/0bc8e8376bd8417a1b6761138aa41c26c7309312/4k-travel-tv/manifest.m3u8?ads.vf=-W-Hab4e1BO
4K Travel TV,https://streams2.sofast.tv/sofastplayout/33c31ac4-51fa-46ae-afd0-0d1fe5e60a80_0_HLS/master.m3u8
4 Kurd,https://4kuhls.persiana.live/hls/stream.m3u8
4TV News (576p),https://cdn-4.pishow.tv/live/1007/master.m3u8
4U TV (720p),https://hls.4utv.live/hls/stream.m3u8
5-Minute Craft (1080p),https://soul-5mincrafteng-rakuten.amagi.tv/playlist.m3u8
5AAB TV (720p) [Not 24/7],http://158.69.124.9:1935/5aabtv/5aabtv/playlist.m3u8
5TV Corrientes (480p) [Not 24/7],http://www.coninfo.net:1935/tvcinco/live1/playlist.m3u8
5 Канал,https://streaming.televizor-24-tochka.ru/live/8.m3u8
6PR Perth (1080p),https://6prlive.akamaized.net/hls/live/2033806/6PR/index.m3u8
6ter (1080p) [Geo-blocked],https://viamotionhsi.netplus.ch/live/eds/6ter/browser-HLS8/6ter.m3u8
6 TV Telugu (720p),https://cdn-1.pishow.tv/live/232/master.m3u8
6 Wise Tv (720p),https://live.enhdtv.com:8081/8150/index.m3u8
7 RadioVisione (720p),https://stream10.xdevel.com/video1s976543-1932/stream/playlist.m3u8
7S Music (576p),https://mumt03.tangotv.in/7SMUSIC/index.m3u8
7 STORIA (720p),https://stream10.xdevel.com/video2s976543-2104/stream/playlist.m3u8
7 TeleValencia (576p),https://play.cdn.enetres.net/9E9557EFCEBB43A89CEC8FBD3C500247022/028/playlist.m3u8
7 YOU & ME (720p),https://stream10.xdevel.com/video0s977798-2239/stream/playlist.m3u8
8 La Marina TV (576p),https://streaming005.gestec-video.com/hls/canal24.m3u8
8NTV (1080p),https://60417ddeaf0d9.streamlock.net/ntv/videontv/playlist.m3u8
8 Out of 10 Cats (1080p) [Geo-blocked],https://amg00627-amg00627c37-samsung-au-4294.playouts.now.amagi.tv/playlist/amg00627-banijayfast-8outof10cats-samsungau/playlist.m3u8
8 Out of 10 Cats (1080p) [Geo-blocked],https://amg00627-amg00627c37-samsung-nz-4295.playouts.now.amagi.tv/playlist.m3u8
8TV,http://cdn6.163189.xyz/163189/8tv
8XM (576p),https://ml-pull-dvc-myco.io:2096/8XM_MUSIC/index.m3u8
9Gem (720p) [Geo-blocked],https://9now-livestreams.akamaized.net/hls/live/2008311/gem-syd/master.m3u8
9Go! (720p) [Geo-blocked],https://9now-livestreams.akamaized.net/hls/live/2008312/go-syd/master.m3u8
9 la Loma TV (1080p) [Geo-blocked],https://9laloma.tv/live.m3u8
9Life (720p) [Geo-blocked],https://9now-livestreams.akamaized.net/hls/live/2008313/life-syd/master.m3u8
9X Jalwa (1080p),https://b.jsrdn.com/strm/channels/9xjalwa/master.m3u8
9X Jhakaas,https://9xjio.wiseplayout.com/9X_Jhakaas/master.m3u8
9X Tashan,https://9xjio.wiseplayout.com/9X_Tashan/master.m3u8
9XM (576p),https://b.jsrdn.com/strm/channels/9xm/master.m3u8
10 Bold Adelaide (1080p),https://dce3793146fef017.mediapackage.us-west-2.amazonaws.com/out/v1/55cdf73af7894775ba6de8f57482b66a/CMAF_HLS/index.m3u8
10 TV (720p),https://cdn-1.pishow.tv/live/391/master.m3u8
11 Kanal (720p),#EXTVLCOPT:http-user-agent=Mozilla/5.0 (Windows NT 10.0; Win64; x64; rv:97.0) Gecko/20100101 Firefox/97.0
12 TV Parma (540p) [Not 24/7],https://5929b138b139d.streamlock.net/12TVParma/livestream/playlist.m3u8
12 канал (1080p),https://12channel.bonus-tv.ru/cdn/12channel/playlist.m3u8
13C (1080p),https://origin.dpsgo.com/ssai/event/GI-9cp_bT8KcerLpZwkuhw/master.m3u8
13 Entretención (720p),https://origin.dpsgo.com/ssai/event/BBp0VeP6QtOOlH8nu3bWTg/master.m3u8
13 Festival (1080p),https://origin.dpsgo.com/ssai/event/Nftd0fM2SXasfDlRphvUsg/master.m3u8
13 Humor (1080p),https://origin.dpsgo.com/ssai/event/cKWySXKgSK-SzlJmESkOWw/master.m3u8
13 Kids (1080p),https://origin.dpsgo.com/ssai/event/LhHrVtyeQkKZ-Ye_xEU75g/master.m3u8
13Max Televisión (1080p),http://coninfo.net:1935/13maxhd/live13maxtvnuevo/playlist.m3u8
13 Prime (720p),https://origin.dpsgo.com/ssai/event/p4mmBxEzSmKAxY1GusOHrw/master.m3u8
13 Realities (1080p),https://origin.dpsgo.com/ssai/event/g7_JOM0ORki9SR5RKHe-Kw/master.m3u8
13 Siam Thai (1080p),https://live.x2.co.th/live/13livetv-th.m3u8
13 Teleseries (720p),https://origin.dpsgo.com/ssai/event/f4TrySe8SoiGF8Lu3EIq1g/master.m3u8
13 Ulica (1080p),https://cdn.kinoteka.cc/weebtv/gen.m3u8.php?id=nowa_tvhv
15TV (720p) [Not 24/7],https://cdn.fastocloud.com/leonel.m3u8
16 Anni e Incinta Italy (720p),https://stitcher-ipv4.pluto.tv/v1/stitch/embed/hls/channel/60940a07d88ba90007b9cb71/master.m3u8?advertisingId={PSID}&appVersion=unknown&deviceDNT={TARGETOPT}&deviceId={PSID}&deviceLat=0&deviceLon=0&deviceMake=samsung&deviceModel=samsung&deviceType=samsung-tvplus&deviceVersion=unknown&embedPartner=samsung-tvplus&profileFloor=&profileLimit=&samsung_app_domain={APP_DOMAIN}&samsung_app_name={APP_NAME}&us_privacy=1YNY
16tv Budapest (360p),https://cloudfront44.lexanetwork.com:1344/freerelay/16tv.sdp/playlist.m3u8
20 Mediaset [Geo-blocked],https://live3-mediaset-it.akamaized.net/Content/hls_h0_clr_vos/live/channel(lb)/index.m3u8
20 Minutes TV (1080p),https://live-20minutestv.digiteka.com/1961167769/index.m3u8
21 Jump Street (1080p),https://cb562753.wurl.com/master/f36d25e7e52f1ba8d7e56eb859c636563214f541/UmFrdXRlblRWLWV1XzIxSnVtcFN0cmVldF9ITFM/playlist.m3u8
22Scope News (1080p),https://thelegitpro.in/HDlive/22scope/index.fmp4.m3u8
23 ABC Bakersfield CA (KERO) (720p),https://content.uplynk.com/channel/ff809e6d9ec34109abfb333f0d4444b5.m3u8
24/7 Canal de Noticias,https://panel.host-live.com:19360/cn247tv/cn247tv.m3u8
24 Horas (1080p),https://d32rw80ytx9uxs.cloudfront.net/v1/master/3722c60a815c199d9c0ef36c5b73da68a62b09d1/cc-vlldndmow4yre/24HES.m3u8
24 Horas Internacional,https://viamotionhsi.netplus.ch/live/eds/canal24horas/browser-HLS8/canal24horas.m3u8
24 Hour Free Movies (720p),https://d1j2u714xk898n.cloudfront.net/scheduler/scheduleMaster/145.m3u8
24Kitchen Serbia (720p),http://91.132.74.5:8000/play/a00a
24KZ,https://tvcdn01.oktv.kz/tv/24kz/index.m3u8
24 News HD (1080p),http://66.102.120.18:8000/play/a04v/index.m3u8
like Gecko Chrome/76.0.3809.25 Safari/537.36" group-title="News",24 TV (1080p),#EXTVLCOPT:http-user-agent=Mozilla/5.0 Macintosh; Intel Mac OS X 10_14_5 AppleWebKit/537.36 KHTML, like Gecko Chrome/76.0.3809.25 Safari/537.36
24 Канал (1080p),https://streamvideol1.luxnet.ua/news24/smil:news24.stream.smil/playlist.m3u8
27 TwentySeven [Geo-blocked],https://live2.msf.cdn.mediaset.net/content/hls_h0_cls_vos/live/channel(ts)/index.m3u8
28 kanala,https://streaming.28kanala.eus/hls/z.m3u8
30A Darcizzle Offshore (720p),https://30a-tv.com/darcizzle.m3u8
30A Georgia Hollywood Review TV,https://30a-tv.com/gh.m3u8
30A Golf Kingdom,https://30a-tv.com/feeds/vidaa/golf.m3u8
30A Investment Pitch (720p),https://30a-tv.com/feeds/xodglobal/30atv.m3u8
30A Lionel Nation TV,https://30a-tv.com/ln.m3u8
30A Loomered TV,https://30a-tv.com/loomer.m3u8
30A Luxe Life Discovered,https://30a-tv.com/feeds/vidaa/luxelife.m3u8
30A Music (720p),https://30a-tv.com/music.m3u8
30A Ridiculous TV (720p),https://30a-tv.com/feeds/720p/63.m3u8
30A Sidewalks (720p),https://30a-tv.com/sidewalks.m3u8
30A Television Channel,https://30a-tv.com/feeds/masters/30atv.m3u8
30A The Beach Show (720p),https://30a-tv.com/beachy.m3u8
30A TV Classic Movies,https://30a-tv.com/feeds/pzaz/30atvmovies.m3u8
30A We Love Cars,https://30a-tv.com/feeds/vidaa/cars.m3u8
35MM,https://d35j504z0x2vu2.cloudfront.net/v1/master/0bc8e8376bd8417a1b6761138aa41c26c7309312/35mm/index.m3u8?ads.vf=O8CA3y6lvfe
45 TV (720p),https://stream.alojamientowebgt.com:3656/live/tv45live.m3u8
48 Hours,http://cfd-v4-service-channel-stitcher-use1-1.prd.pluto.tv/stitch/hls/channel/62e925bc68d18a00077bb990/master.m3u8?appName=web&appVersion=unknown&clientTime=0&deviceDNT=0&deviceId=2c78ce00-35fc-11ef-a031-2b5d494037a2&deviceMake=Chrome&deviceModel=web&deviceType=web&deviceVersion=unknown&includeExtendedEvents=false&serverSideAds=false&sid=d510e704-124c-497f-89cb-732e27dd295a
51 Radio TV (480p) [Geo-blocked],http://wms.shared.streamshow.it/canale51/canale51/playlist.m3u8
70-80 TV (1080P),https://585b674743bbb.streamlock.net/9050/9050/playlist.m3u8
70s Cinema,http://cfd-v4-service-channel-stitcher-use1-1.prd.pluto.tv/stitch/hls/channel/5f4d878d3d19b30007d2e782/master.m3u8?appName=web&appVersion=unknown&clientTime=0&deviceDNT=0&deviceId=6c263252-30d3-11ef-9cf5-e9ddff8ff496&deviceMake=Chrome&deviceModel=web&deviceType=web&deviceVersion=unknown&includeExtendedEvents=false&serverSideAds=false&sid=7c57f1f3-2078-4f92-a4b5-6cd444220a70
80s Rewind,http://cfd-v4-service-channel-stitcher-use1-1.prd.pluto.tv/stitch/hls/channel/5ca525b650be2571e3943c63/master.m3u8?appName=web&appVersion=unknown&clientTime=0&deviceDNT=0&deviceId=6c263253-30d3-11ef-9cf5-e9ddff8ff496&deviceMake=Chrome&deviceModel=web&deviceType=web&deviceVersion=unknown&includeExtendedEvents=false&serverSideAds=false&sid=b52c759c-a26c-4e65-828b-14277d6117e0
88 Stereo (720p) [Not 24/7],http://k3.usastreams.com/CableLatino/88stereo/playlist.m3u8
90's Kids,http://cfd-v4-service-channel-stitcher-use1-1.prd.pluto.tv/stitch/hls/channel/6452c814939a590008567a3b/master.m3u8?appName=web&appVersion=unknown&clientTime=0&deviceDNT=0&deviceId=6c263254-30d3-11ef-9cf5-e9ddff8ff496&deviceMake=Chrome&deviceModel=web&deviceType=web&deviceVersion=unknown&includeExtendedEvents=false&serverSideAds=false&sid=a2521e96-4461-4157-b0d7-865b57c5f565
90s Throwback,http://cfd-v4-service-channel-stitcher-use1-1.prd.pluto.tv/stitch/hls/channel/5f4d86f519358a00072b978e/master.m3u8?appName=web&appVersion=unknown&clientTime=0&deviceDNT=0&deviceId=6c265961-30d3-11ef-9cf5-e9ddff8ff496&deviceMake=Chrome&deviceModel=web&deviceType=web&deviceVersion=unknown&includeExtendedEvents=false&serverSideAds=false&sid=71f86833-3dd6-41ac-a9b8-4a4ec8873306
92 News HD (720p),http://92news.vdn.dstreamone.net/92newshd/92hd/playlist.m3u8
92 News UK (576p),https://securecontributions.sechls01.visionip.tv/live/securecontributions-securecontributions-92_news-hsslive-25f-16x9-SD/chunklist.m3u8
98.1 Pearl FM (720p),https://live2.tensila.com/pearl-v-1.pearlfm/hls/live/mystream.m3u8
99TV (720p),https://cdn-1.pishow.tv/live/1211/master.m3u8
100% Auto Moto TV (406p) [Not 24/7],http://100automoto.tv:1935/bgtv1/autotv/playlist.m3u8
100% Docs,https://amg02162-newenconnect-amg02162c2-rakuten-us-1981.playouts.now.amagi.tv/playlist/amg02162-newenconnect-100pour100docs-rakutenus/playlist.m3u8
100% News (576p),http://85.238.112.40:8810/hls_sec/239.33.16.32-.m3u8
101tv Axarquia (480p),https://www.streaming101tv.es:19360/axarquia/axarquia.m3u8
101tv Cádiz (1080p),https://streaming101tv.es:19360/cadiz/cadiz.m3u8
101tv Ronda (1080p),https://streaming101tv.es/hls/webronda.m3u8
111 TV (720p),https://5db313b643fd8.streamlock.net/111/111/playlist.m3u8
247 Box TV,https://hls.247box.live/hls/stream.m3u8
312 Кино (406p),http://176.126.166.43:1935/live/312kino/playlist.m3u8
312 ТВ (406p),http://176.126.166.43:1935/live/312musik/playlist.m3u8
360° (1080p),https://cdn-evacoder-tv.facecast.io/evacoder_hls_hi/CkxfR1xNUAJwTgtXTBZTAJli/index.m3u8
360° Новости,https://live-vgtrksmotrim.cdnvideo.ru/vgtrksmotrim/smotrim-live-03-srt.smil/playlist.m3u8
360 RFTV (576p) [Geo-blocked],https://acceso.mediosdecostarica.com:3638/live/360rftvcrlive.m3u8
360 TV (720p) [Not 24/7],https://turkmedya-live.ercdn.net/tv360/tv360.m3u8
504 TV (720p),https://mediacp.us:8081/504tvhn/index.m3u8
1001 Noites (720p) [Not 24/7],https://cdn.jmvstream.com/w/LVW-8155/ngrp:LVW8155_41E1ciuCvO_all/playlist.m3u8
90210,http://cfd-v4-service-channel-stitcher-use1-1.prd.pluto.tv/stitch/hls/channel/65a67dd13af63d0008257f17/master.m3u8?appName=web&appVersion=unknown&clientTime=0&deviceDNT=0&deviceId=bc8293f0-4b91-11ef-8a44-83c5e90e038f&deviceMake=Chrome&deviceModel=web&deviceType=web&deviceVersion=unknown&includeExtendedEvents=false&serverSideAds=false&sid=6b751f03-945e-4e30-a909-d3e4de858fa8
90210,http://cfd-v4-service-channel-stitcher-use1-1.prd.pluto.tv/stitch/hls/channel/65a67dd13af63d0008257f17/master.m3u8?appName=web&appVersion=unknown&clientTime=0&deviceDNT=0&deviceId=1b1c5240-4b81-11ef-a8ac-e146e4e7be02&deviceMake=Chrome&deviceModel=web&deviceType=web&deviceVersion=unknown&includeExtendedEvents=false&serverSideAds=false&sid=6e62cae5-9404-4e52-8b20-c5fc2b453e9d
:Šport (1080p),http://88.212.15.27/live/test_rtvs_sport_hevc/playlist.m3u8
¡OPA! (1080i) [Geo-blocked],https://5fc584f3f19c9.streamlock.net/genteopa/videogenteopa/playlist.m3u8
&TV International (1080p),https://amg01117-amg01117c1-amgplt0029.playout.now3.amagi.tv/playlist/amg01117-amg01117c1-amgplt0029/playlist.m3u8
:24 (1080p),http://88.212.15.27/live/test_trojka_25p/playlist.m3u8
@TV (720p),http://49.0.87.24:1936/HDAttv/Attv/playlist.m3u8
A1 TV (1080p) [Not 24/7],https://stream.a1mediagroep.nl/hls/a1tv.m3u8
A2i Music (720p) [Not 24/7],https://stream.sen-gt.com/A2iMusic/myStream/playlist.m3u8
A2i Naija (720p) [Not 24/7],https://stream.sen-gt.com/A2iNaija/myStream/playlist.m3u8
A2i Religion (720p) [Not 24/7],https://stream.sen-gt.com/A2iReligion/myStream/playlist.m3u8
A2i TV (1080p),https://stream.sen-gt.com/A2itv/myStream/playlist.m3u8
A2TV,https://trkvz-live.daioncdn.net/a2tv/a2tv.m3u8
A7TV (1080p),https://a7tvlive.ro/A7TV/A7TV/playlist.m3u8
A12 TV,https://video1.getstreamhosting.com:1936/8250/8250/manifest.m3u8
como Gecko) Chrome/112.0.0.0 Mobile Safari/537.36" group-title="News",A24 (720p),#EXTVLCOPT:http-user-agent=Mozilla/5.0 (Linux; Android 13; Pixel 7) AppleWebKit/537.36 (KHTML, como Gecko) Chrome/112.0.0.0 Mobile Safari/537.36
A Punt,https://bcovlive-a.akamaihd.net/8499d938ef904e39b58a4adec2ddeada/eu-west-1/6057955885001/playlist_dvr.m3u8
